[2023-03-14T04:01:45.491409+01:00] name.WARNING: PHP learn IRKUTSK - 2023 [] []
